[eliteadmin.themedesigner.in/demos/bt4/assets/images/favicon.png]
[backblue.gif]
[fade.gif]
[index.html]
[eliteadmin.themedesigner.in/demos/bt4/assets/node_modules/morrisjs/morris.css]
[eliteadmin.themedesigner.in/demos/bt4/assets/node_modules/toast-master/css/jquery.toast.css]
[eliteadmin.themedesigner.in/demos/bt4/eliteadmin/dist/css/pages/dashboard1.css]
[eliteadmin.themedesigner.in/demos/bt4/assets/images/logo-icon.png]
[eliteadmin.themedesigner.in/demos/bt4/eliteadmin/dist/css/style.min.css]
[eliteadmin.themedesigner.in/demos/bt4/assets/images/logo-light-icon.png]
[eliteadmin.themedesigner.in/demos/bt4/assets/images/logo-text.png]
[eliteadmin.themedesigner.in/demos/bt4/assets/images/logo-light-text.png]
[eliteadmin.themedesigner.in/demos/bt4/assets/images/users/1.jpg]
[eliteadmin.themedesigner.in/demos/bt4/assets/images/users/2.jpg]
[eliteadmin.themedesigner.in/demos/bt4/assets/images/users/3.jpg]
[eliteadmin.themedesigner.in/demos/bt4/assets/images/users/4.jpg]
[eliteadmin.themedesigner.in/demos/bt4/assets/images/big/img1.jpg]
[eliteadmin.themedesigner.in/demos/bt4/assets/images/big/img2.jpg]
[eliteadmin.themedesigner.in/demos/bt4/assets/images/big/img3.jpg]
[eliteadmin.themedesigner.in/demos/bt4/assets/images/users/5.jpg]
[eliteadmin.themedesigner.in/demos/bt4/assets/images/users/6.jpg]
[eliteadmin.themedesigner.in/demos/bt4/assets/images/users/7.jpg]
[eliteadmin.themedesigner.in/demos/bt4/assets/images/users/8.jpg]
[eliteadmin.themedesigner.in/demos/bt4/assets/node_modules/popper/popper.min.js]
[eliteadmin.themedesigner.in/demos/bt4/eliteadmin/dist/js/perfect-scrollbar.jquery.min.js]
[eliteadmin.themedesigner.in/demos/bt4/eliteadmin/dist/js/waves.js]
[eliteadmin.themedesigner.in/demos/bt4/assets/node_modules/bootstrap/dist/js/bootstrap.min.js]
[eliteadmin.themedesigner.in/demos/bt4/assets/node_modules/jquery/jquery-3.2.1.min.js]
[eliteadmin.themedesigner.in/demos/bt4/eliteadmin/dist/js/sidebarmenu.js]
[eliteadmin.themedesigner.in/demos/bt4/eliteadmin/dist/js/custom.min.js]
[eliteadmin.themedesigner.in/demos/bt4/assets/node_modules/toast-master/js/jquery.toast.js]
[eliteadmin.themedesigner.in/demos/bt4/eliteadmin/index.html]
[eliteadmin.themedesigner.in/demos/bt4/eliteadmin/dist/js/dashboard1.js]
[eliteadmin.themedesigner.in/demos/bt4/assets/node_modules/morrisjs/morris.css]
[eliteadmin.themedesigner.in/demos/bt4/assets/node_modules/toast-master/css/jquery.toast.css]
[eliteadmin.themedesigner.in/demos/bt4/assets/node_modules/morrisjs/morris.min.js]
[eliteadmin.themedesigner.in/demos/bt4/assets/images/custom-select.png]
[eliteadmin.themedesigner.in/demos/bt4/assets/node_modules/jquery-sparkline/jquery.sparkline.min.js]
[eliteadmin.themedesigner.in/demos/bt4/eliteadmin/dist/css/fonts/icomoonca27.ttf]
[eliteadmin.themedesigner.in/demos/bt4/eliteadmin/dist/css/fonts/Simple-Line-Icons4c82.ttf]
[eliteadmin.themedesigner.in/demos/bt4/assets/node_modules/raphael/raphael-min.js]
[eliteadmin.themedesigner.in/demos/bt4/eliteadmin/dist/css/fonts/themify.ttf]
[eliteadmin.themedesigner.in/demos/bt4/eliteadmin/dist/css/fonts/materialdesignicons-webfont.ttf]
[eliteadmin.themedesigner.in/demos/bt4/eliteadmin/dist/css/style.min.css]
[eliteadmin.themedesigner.in/demos/bt4/eliteadmin/dist/css/pages/dashboard1.css]
[eliteadmin.themedesigner.in/demos/bt4/eliteadmin/login.html]
[eliteadmin.themedesigner.in/demos/bt4/eliteadmin/dist/css/pages/easy-pie-chart.css]
[eliteadmin.themedesigner.in/demos/bt4/eliteadmin/dist/css/pages/dashboard2.css]
[eliteadmin.themedesigner.in/demos/bt4/assets/images/browser/chrome-logo.png]
[eliteadmin.themedesigner.in/demos/bt4/assets/images/browser/firefox-logo.png]
[eliteadmin.themedesigner.in/demos/bt4/assets/images/browser/safari-logo.png]
[eliteadmin.themedesigner.in/demos/bt4/assets/images/browser/internet-logo.png]
[eliteadmin.themedesigner.in/demos/bt4/assets/node_modules/flot.tooltip/js/jquery.flot.tooltip.min.js]
[eliteadmin.themedesigner.in/demos/bt4/assets/node_modules/sparkline/jquery.sparkline.min.js]
[eliteadmin.themedesigner.in/demos/bt4/assets/node_modules/jquery.easy-pie-chart/dist/jquery.easypiechart.min.js]
[eliteadmin.themedesigner.in/demos/bt4/assets/node_modules/jquery.easy-pie-chart/easy-pie-chart.init.js]
[eliteadmin.themedesigner.in/demos/bt4/assets/node_modules/flot/jquery.flot.js]
[eliteadmin.themedesigner.in/demos/bt4/assets/node_modules/vectormap/jquery-jvectormap-2.0.2.min.js]
[eliteadmin.themedesigner.in/demos/bt4/eliteadmin/dist/js/dashboard2.js]
[eliteadmin.themedesigner.in/demos/bt4/eliteadmin/index2.html]
[eliteadmin.themedesigner.in/demos/bt4/eliteadmin/dist/css/pages/dashboard3.css]
[eliteadmin.themedesigner.in/demos/bt4/assets/images/news/slide1.jpg]
[eliteadmin.themedesigner.in/demos/bt4/assets/node_modules/vectormap/jquery-jvectormap-world-mill-en.js]
[eliteadmin.themedesigner.in/demos/bt4/eliteadmin/dist/js/dashboard3.js]
[eliteadmin.themedesigner.in/demos/bt4/eliteadmin/index3.html]
[eliteadmin.themedesigner.in/demos/bt4/eliteadmin/dist/css/pages/dashboard4.css]
[eliteadmin.themedesigner.in/demos/bt4/assets/node_modules/morrisjs/morris.js]
[eliteadmin.themedesigner.in/demos/bt4/eliteadmin/index4.html]
[eliteadmin.themedesigner.in/demos/bt4/eliteadmin/dist/js/dashboard4.js]
[eliteadmin.themedesigner.in/demos/bt4/assets/node_modules/calendar/dist/fullcalendar.css]
[eliteadmin.themedesigner.in/demos/bt4/assets/node_modules/skycons/skycons.js]
[eliteadmin.themedesigner.in/demos/bt4/assets/node_modules/sticky-kit-master/dist/sticky-kit.min.js]
[eliteadmin.themedesigner.in/demos/bt4/assets/node_modules/moment/moment.js]
[eliteadmin.themedesigner.in/demos/bt4/assets/node_modules/calendar/jquery-ui.min.js]
[eliteadmin.themedesigner.in/demos/bt4/assets/node_modules/calendar/dist/cal-init.js]
[eliteadmin.themedesigner.in/demos/bt4/eliteadmin/app-calendar.html]
[eliteadmin.themedesigner.in/demos/bt4/assets/node_modules/calendar/dist/fullcalendar.min.js]
[eliteadmin.themedesigner.in/demos/bt4/eliteadmin/dist/css/pages/chat-app-page.css]
[eliteadmin.themedesigner.in/demos/bt4/eliteadmin/app-chat.html]
[eliteadmin.themedesigner.in/demos/bt4/eliteadmin/dist/js/pages/chat.js]
[eliteadmin.themedesigner.in/demos/bt4/assets/node_modules/footable/css/footable.bootstrap.min.css]
[eliteadmin.themedesigner.in/demos/bt4/eliteadmin/app-contact.html]
[eliteadmin.themedesigner.in/demos/bt4/eliteadmin/dist/js/pages/footable-init.js]
[eliteadmin.themedesigner.in/demos/bt4/eliteadmin/app-contact2.html]
[eliteadmin.themedesigner.in/demos/bt4/assets/images/background/socialbg.jpg]
[eliteadmin.themedesigner.in/demos/bt4/assets/images/big/img4.jpg]
[eliteadmin.themedesigner.in/demos/bt4/assets/node_modules/footable/js/footable.min.js]
[eliteadmin.themedesigner.in/demos/bt4/eliteadmin/app-contact-detail.html]
[eliteadmin.themedesigner.in/demos/bt4/eliteadmin/dist/css/pages/inbox.css]
[eliteadmin.themedesigner.in/demos/bt4/eliteadmin/app-email.html]
[eliteadmin.themedesigner.in/demos/bt4/eliteadmin/app-email-detail.html]
[eliteadmin.themedesigner.in/demos/bt4/assets/node_modules/html5-editor/bootstrap-wysihtml5.css]
[eliteadmin.themedesigner.in/demos/bt4/assets/node_modules/dropzone-master/dist/dropzone.css]
[eliteadmin.themedesigner.in/demos/bt4/assets/node_modules/html5-editor/bootstrap-wysihtml5.js]
[eliteadmin.themedesigner.in/demos/bt4/assets/node_modules/dropzone-master/dist/dropzone.js]
[eliteadmin.themedesigner.in/demos/bt4/eliteadmin/app-compose.html]
[eliteadmin.themedesigner.in/demos/bt4/assets/images/big/img6.jpg]
[eliteadmin.themedesigner.in/demos/bt4/assets/node_modules/html5-editor/wysihtml5-0.3.0.js]
[eliteadmin.themedesigner.in/demos/bt4/assets/images/big/img5.jpg]
[eliteadmin.themedesigner.in/demos/bt4/eliteadmin/ui-cards.html]
[eliteadmin.themedesigner.in/demos/bt4/assets/node_modules/Magnific-Popup-master/dist/magnific-popup.css]
[eliteadmin.themedesigner.in/demos/bt4/eliteadmin/dist/css/pages/user-card.css]
[eliteadmin.themedesigner.in/demos/bt4/assets/node_modules/Magnific-Popup-master/dist/jquery.magnific-popup.min.js]
[eliteadmin.themedesigner.in/demos/bt4/assets/node_modules/Magnific-Popup-master/dist/jquery.magnific-popup-init.js]
[eliteadmin.themedesigner.in/demos/bt4/eliteadmin/ui-user-card.html]
[eliteadmin.themedesigner.in/demos/bt4/eliteadmin/dist/js/custom.js]
[eliteadmin.themedesigner.in/demos/bt4/eliteadmin/ui-buttons.html]
[eliteadmin.themedesigner.in/demos/bt4/assets/images/alert/model2.png]
[eliteadmin.themedesigner.in/demos/bt4/assets/images/alert/model.png]
[eliteadmin.themedesigner.in/demos/bt4/assets/images/alert/model3.png]
[eliteadmin.themedesigner.in/demos/bt4/eliteadmin/ui-modals.html]
[eliteadmin.themedesigner.in/demos/bt4/eliteadmin/dist/css/pages/tab-page.css]
[eliteadmin.themedesigner.in/demos/bt4/eliteadmin/ui-tab.html]
[eliteadmin.themedesigner.in/demos/bt4/eliteadmin/ui-tooltip-popover.html]
[eliteadmin.themedesigner.in/demos/bt4/eliteadmin/dist/css/pages/stylish-tooltip.css]
[eliteadmin.themedesigner.in/demos/bt4/assets/images/tooltip/Euclid.png]
[eliteadmin.themedesigner.in/demos/bt4/eliteadmin/ui-tooltip-stylish.html]
[eliteadmin.themedesigner.in/demos/bt4/assets/node_modules/sweetalert/sweetalert.css]
[eliteadmin.themedesigner.in/demos/bt4/assets/images/alert/alert.png]
[eliteadmin.themedesigner.in/demos/bt4/assets/images/alert/alert2.png]
[eliteadmin.themedesigner.in/demos/bt4/assets/images/alert/alert3.png]
[eliteadmin.themedesigner.in/demos/bt4/assets/images/alert/alert4.png]
[eliteadmin.themedesigner.in/demos/bt4/assets/images/alert/alert5.png]
[eliteadmin.themedesigner.in/demos/bt4/assets/images/alert/alert7.png]
[eliteadmin.themedesigner.in/demos/bt4/assets/images/alert/alert6.png]
[eliteadmin.themedesigner.in/demos/bt4/assets/node_modules/sweetalert/jquery.sweet-alert.custom.js]
[eliteadmin.themedesigner.in/demos/bt4/eliteadmin/ui-sweetalert.html]
[eliteadmin.themedesigner.in/demos/bt4/eliteadmin/dist/css/pages/other-pages.css]
[eliteadmin.themedesigner.in/demos/bt4/eliteadmin/ui-notification.html]
[eliteadmin.themedesigner.in/demos/bt4/eliteadmin/dist/js/pages/toastr.js]
[eliteadmin.themedesigner.in/demos/bt4/assets/node_modules/nestable/nestable.css]
[eliteadmin.themedesigner.in/demos/bt4/eliteadmin/ui-nestable.html]
[eliteadmin.themedesigner.in/demos/bt4/assets/node_modules/ion-rangeslider/css/ion.rangeSlider.css]
[eliteadmin.themedesigner.in/demos/bt4/assets/node_modules/ion-rangeslider/css/ion.rangeSlider.skinModern.css]
[eliteadmin.themedesigner.in/demos/bt4/assets/node_modules/sweetalert/sweetalert.min.js]
[eliteadmin.themedesigner.in/demos/bt4/eliteadmin/ui-range-slider.html]
[eliteadmin.themedesigner.in/demos/bt4/assets/node_modules/ion-rangeslider/js/ion-rangeSlider/ion.rangeSlider-init.js]
[eliteadmin.themedesigner.in/demos/bt4/eliteadmin/dist/css/pages/timeline-vertical-horizontal.css]
[eliteadmin.themedesigner.in/demos/bt4/eliteadmin/ui-timeline.html]
[eliteadmin.themedesigner.in/demos/bt4/eliteadmin/dist/css/pages/ui-bootstrap-page.css]
[eliteadmin.themedesigner.in/demos/bt4/eliteadmin/ui-typography.html]
[eliteadmin.themedesigner.in/demos/bt4/assets/node_modules/horizontal-timeline/css/horizontal-timeline.css]
[eliteadmin.themedesigner.in/demos/bt4/eliteadmin/ui-horizontal-timeline.html]
[eliteadmin.themedesigner.in/demos/bt4/assets/node_modules/horizontal-timeline/js/horizontal-timeline.js]
[eliteadmin.themedesigner.in/demos/bt4/assets/node_modules/session-timeout/jquery.sessionTimeout.min.js]
[eliteadmin.themedesigner.in/demos/bt4/eliteadmin/ui-session-timeout.html]
[eliteadmin.themedesigner.in/demos/bt4/assets/node_modules/session-timeout/session-timeout-init.js]
[eliteadmin.themedesigner.in/demos/bt4/assets/node_modules/session-timeout/idle/jquery.idletimeout.js]
[eliteadmin.themedesigner.in/demos/bt4/assets/node_modules/session-timeout/idle/jquery.idletimer.js]
[eliteadmin.themedesigner.in/demos/bt4/eliteadmin/ui-session-ideal-timeout.html]
[eliteadmin.themedesigner.in/demos/bt4/eliteadmin/ui-bootstrap.html]
[eliteadmin.themedesigner.in/demos/bt4/eliteadmin/dist/css/pages/breadcrumb-page.css]
[eliteadmin.themedesigner.in/demos/bt4/eliteadmin/ui-breadcrumb.html]
[eliteadmin.themedesigner.in/demos/bt4/eliteadmin/ui-list-media.html]
[eliteadmin.themedesigner.in/demos/bt4/eliteadmin/dist/css/pages/ribbon-page.css]
[eliteadmin.themedesigner.in/demos/bt4/eliteadmin/ui-ribbons.html]
[eliteadmin.themedesigner.in/demos/bt4/eliteadmin/ui-grid.html]
[eliteadmin.themedesigner.in/demos/bt4/assets/node_modules/prism/prism.css]
[eliteadmin.themedesigner.in/demos/bt4/eliteadmin/ui-carousel.html]
[cdn.rawgit.com/google/code-prettify/master/loader/run_prettify2102.js]
[eliteadmin.themedesigner.in/demos/bt4/assets/node_modules/bootstrap-datepicker/bootstrap-datepicker.min.css]
[eliteadmin.themedesigner.in/demos/bt4/assets/node_modules/prism/prism.js]
[eliteadmin.themedesigner.in/demos/bt4/eliteadmin/ui-date-paginator.html]
[eliteadmin.themedesigner.in/demos/bt4/assets/node_modules/date-paginator/bootstrap-datepaginator.min.js]
[eliteadmin.themedesigner.in/demos/bt4/assets/node_modules/gridstack/gridstack.css]
[eliteadmin.themedesigner.in/demos/bt4/assets/node_modules/date-paginator/moment.min.js]
[eliteadmin.themedesigner.in/demos/bt4/assets/node_modules/bootstrap-datepicker/bootstrap-datepicker.min.js]
[cdnjs.cloudflare.com/ajax/libs/jqueryui-touch-punch/0.2.3/jquery.ui.touch-punch.min.js]
[eliteadmin.themedesigner.in/demos/bt4/assets/node_modules/gridstack/gridstack.js]
[eliteadmin.themedesigner.in/demos/bt4/assets/node_modules/gridstack/gridstack.jQueryUI.js]
[eliteadmin.themedesigner.in/demos/bt4/eliteadmin/ui-dragable-portlet.html]
[eliteadmin.themedesigner.in/demos/bt4/eliteadmin/ui-spinner.html]
[eliteadmin.themedesigner.in/demos/bt4/eliteadmin/ui-scrollspy.html]
[eliteadmin.themedesigner.in/demos/bt4/eliteadmin/ui-toasts.html]
[eliteadmin.themedesigner.in/demos/bt4/eliteadmin/dist/css/pages/file-upload.css]
[eliteadmin.themedesigner.in/demos/bt4/eliteadmin/dist/js/pages/jasny-bootstrap.js]
[eliteadmin.themedesigner.in/demos/bt4/eliteadmin/form-basic.html]
[eliteadmin.themedesigner.in/demos/bt4/eliteadmin/form-layout.html]
[eliteadmin.themedesigner.in/demos/bt4/assets/node_modules/select2/dist/css/select2.min.css]
[eliteadmin.themedesigner.in/demos/bt4/assets/node_modules/switchery/dist/switchery.min.css]
[eliteadmin.themedesigner.in/demos/bt4/assets/node_modules/bootstrap-select/bootstrap-select.min.css]
[eliteadmin.themedesigner.in/demos/bt4/assets/node_modules/bootstrap-tagsinput/dist/bootstrap-tagsinput.css]
[eliteadmin.themedesigner.in/demos/bt4/assets/node_modules/bootstrap-touchspin/dist/jquery.bootstrap-touchspin.min.css]
[eliteadmin.themedesigner.in/demos/bt4/assets/node_modules/multiselect/css/multi-select.css]
[eliteadmin.themedesigner.in/demos/bt4/assets/node_modules/switchery/dist/switchery.min.js]
[eliteadmin.themedesigner.in/demos/bt4/assets/node_modules/select2/dist/js/select2.full.min.js]
[eliteadmin.themedesigner.in/demos/bt4/assets/node_modules/jqueryui/jquery-ui.min.js]
[eliteadmin.themedesigner.in/demos/bt4/assets/node_modules/bootstrap-tagsinput/dist/bootstrap-tagsinput.min.js]
[eliteadmin.themedesigner.in/demos/bt4/assets/node_modules/bootstrap-touchspin/dist/jquery.bootstrap-touchspin.js]
[eliteadmin.themedesigner.in/demos/bt4/assets/node_modules/dff/dff.js]
[eliteadmin.themedesigner.in/demos/bt4/eliteadmin/form-addons.html]
[eliteadmin.themedesigner.in/demos/bt4/assets/node_modules/bootstrap-select/bootstrap-select.min.js]
[eliteadmin.themedesigner.in/demos/bt4/eliteadmin/form-material.html]
[eliteadmin.themedesigner.in/demos/bt4/eliteadmin/dist/css/pages/floating-label.css]
[eliteadmin.themedesigner.in/demos/bt4/eliteadmin/form-float-input.html]
[eliteadmin.themedesigner.in/demos/bt4/assets/node_modules/multiselect/js/jquery.multi-select.js]
[eliteadmin.themedesigner.in/demos/bt4/assets/node_modules/bootstrap-material-datetimepicker/css/bootstrap-material-datetimepicker.css]
[eliteadmin.themedesigner.in/demos/bt4/assets/node_modules/clockpicker/dist/jquery-clockpicker.min.css]
[eliteadmin.themedesigner.in/demos/bt4/assets/node_modules/jquery-asColorPicker-master/dist/css/asColorPicker.css]
[eliteadmin.themedesigner.in/demos/bt4/assets/node_modules/timepicker/bootstrap-timepicker.min.css]
[eliteadmin.themedesigner.in/demos/bt4/assets/node_modules/bootstrap-daterangepicker/daterangepicker.css]
[eliteadmin.themedesigner.in/demos/bt4/assets/node_modules/clockpicker/dist/jquery-clockpicker.min.js]
[eliteadmin.themedesigner.in/demos/bt4/assets/node_modules/gridstack/lodash.js]
[eliteadmin.themedesigner.in/demos/bt4/assets/node_modules/bootstrap-material-datetimepicker/js/bootstrap-material-datetimepicker.js]
[eliteadmin.themedesigner.in/demos/bt4/assets/node_modules/jquery-asColor/dist/jquery-asColor.js]
[eliteadmin.themedesigner.in/demos/bt4/assets/node_modules/jquery-asGradient/dist/jquery-asGradient.js]
[eliteadmin.themedesigner.in/demos/bt4/eliteadmin/form-pickers.html]
[eliteadmin.themedesigner.in/demos/bt4/assets/node_modules/jquery-asColorPicker-master/dist/jquery-asColorPicker.min.js]
[eliteadmin.themedesigner.in/demos/bt4/assets/node_modules/timepicker/bootstrap-timepicker.min.js]
[eliteadmin.themedesigner.in/demos/bt4/assets/node_modules/dropify/dist/css/dropify.min.css]
[eliteadmin.themedesigner.in/demos/bt4/assets/node_modules/dropify/src/images/test-image-1.jpg]
[eliteadmin.themedesigner.in/demos/bt4/assets/node_modules/bootstrap-daterangepicker/daterangepicker.js]
[eliteadmin.themedesigner.in/demos/bt4/assets/node_modules/dropify/src/images/test-image-2.jpg]
[eliteadmin.themedesigner.in/demos/bt4/eliteadmin/form-upload.html]
[eliteadmin.themedesigner.in/demos/bt4/assets/node_modules/dropify/dist/js/dropify.min.js]
[eliteadmin.themedesigner.in/demos/bt4/assets/node_modules/inputmask/dist/min/jquery.inputmask.bundle.min.js]
[eliteadmin.themedesigner.in/demos/bt4/eliteadmin/dist/js/pages/mask.init.js]
[eliteadmin.themedesigner.in/demos/bt4/eliteadmin/form-mask.html]
[eliteadmin.themedesigner.in/demos/bt4/eliteadmin/dist/js/pages/validation.js]
[eliteadmin.themedesigner.in/demos/bt4/eliteadmin/form-validation.html]
[eliteadmin.themedesigner.in/demos/bt4/eliteadmin/form-bootstrap-validation.html]
[eliteadmin.themedesigner.in/demos/bt4/eliteadmin/form-dropzone.html]
[eliteadmin.themedesigner.in/demos/bt4/assets/node_modules/icheck/skins/all.css]
[eliteadmin.themedesigner.in/demos/bt4/eliteadmin/dist/css/pages/form-icheck.css]
[eliteadmin.themedesigner.in/demos/bt4/assets/node_modules/icheck/icheck.min.js]
[eliteadmin.themedesigner.in/demos/bt4/assets/node_modules/icheck/icheck.init.js]
[eliteadmin.themedesigner.in/demos/bt4/eliteadmin/form-icheck.html]
[eliteadmin.themedesigner.in/demos/bt4/assets/node_modules/cropper/cropper.min.css]
[eliteadmin.themedesigner.in/demos/bt4/assets/node_modules/cropper/cropper.min.js]
[eliteadmin.themedesigner.in/demos/bt4/eliteadmin/form-img-cropper.html]
[eliteadmin.themedesigner.in/demos/bt4/eliteadmin/form-bootstrapwysihtml5.html]
[eliteadmin.themedesigner.in/demos/bt4/assets/node_modules/typeahead.js-master/dist/typehead-min.css]
[eliteadmin.themedesigner.in/demos/bt4/assets/node_modules/typeahead.js-master/dist/typeahead.bundle.min.js]
[eliteadmin.themedesigner.in/demos/bt4/assets/node_modules/typeahead.js-master/typeahead.init.js]
[eliteadmin.themedesigner.in/demos/bt4/eliteadmin/form-typehead.html]
[eliteadmin.themedesigner.in/demos/bt4/assets/node_modules/wizard/steps.css]
[eliteadmin.themedesigner.in/demos/bt4/assets/node_modules/wizard/jquery.steps.min.js]
[eliteadmin.themedesigner.in/demos/bt4/assets/node_modules/wizard/jquery.validate.min.js]
[eliteadmin.themedesigner.in/demos/bt4/eliteadmin/form-wizard.html]
[eliteadmin.themedesigner.in/demos/bt4/assets/node_modules/x-editable/dist/bootstrap3-editable/css/bootstrap-editable.css]
[eliteadmin.themedesigner.in/demos/bt4/eliteadmin/form-xeditable.html]
[eliteadmin.themedesigner.in/demos/bt4/assets/node_modules/summernote/dist/summernote-bs4.css]
[eliteadmin.themedesigner.in/demos/bt4/eliteadmin/form-summernote.html]
[eliteadmin.themedesigner.in/demos/bt4/assets/node_modules/x-editable/dist/bootstrap3-editable/js/bootstrap-editable.js]
[eliteadmin.themedesigner.in/demos/bt4/assets/node_modules/summernote/dist/summernote-bs4.min.js]
[eliteadmin.themedesigner.in/demos/bt4/eliteadmin/form-tinymce.html]
[eliteadmin.themedesigner.in/demos/bt4/eliteadmin/table-basic.html]
[eliteadmin.themedesigner.in/demos/bt4/assets/node_modules/peity/jquery.peity.init.js]
[eliteadmin.themedesigner.in/demos/bt4/assets/node_modules/peity/jquery.peity.min.js]
[eliteadmin.themedesigner.in/demos/bt4/eliteadmin/table-layout.html]
[eliteadmin.themedesigner.in/demos/bt4/eliteadmin/table-footable.html]
[eliteadmin.themedesigner.in/demos/bt4/assets/node_modules/jsgrid/jsgrid.min.css]
[eliteadmin.themedesigner.in/demos/bt4/assets/node_modules/jsgrid/jsgrid-theme.min.css]
[eliteadmin.themedesigner.in/demos/bt4/eliteadmin/table-jsgrid.html]
[eliteadmin.themedesigner.in/demos/bt4/eliteadmin/dist/js/pages/jsgrid-init.js]
[eliteadmin.themedesigner.in/demos/bt4/assets/node_modules/jsgrid/db.js]
[eliteadmin.themedesigner.in/demos/bt4/assets/node_modules/tablesaw-master/dist/tablesaw.css]
[eliteadmin.themedesigner.in/demos/bt4/assets/node_modules/jsgrid/jsgrid.min.js]
[eliteadmin.themedesigner.in/demos/bt4/eliteadmin/table-responsive.html]
[eliteadmin.themedesigner.in/demos/bt4/assets/node_modules/tablesaw-master/dist/tablesaw-init.js]
[eliteadmin.themedesigner.in/demos/bt4/assets/node_modules/bootstrap-table/dist/bootstrap-table.min.css]
[eliteadmin.themedesigner.in/demos/bt4/eliteadmin/table-bootstrap.html]
[eliteadmin.themedesigner.in/demos/bt4/assets/node_modules/bootstrap-table/dist/bootstrap-table.ints.js]
[eliteadmin.themedesigner.in/demos/bt4/assets/node_modules/tablesaw-master/dist/tablesaw.jquery.js]
[eliteadmin.themedesigner.in/demos/bt4/assets/node_modules/tiny-editable/mindmup-editabletable.js]
[eliteadmin.themedesigner.in/demos/bt4/eliteadmin/table-editable-table.html]
[eliteadmin.themedesigner.in/demos/bt4/assets/node_modules/tiny-editable/numeric-input-example.js]
[eliteadmin.themedesigner.in/demos/bt4/assets/node_modules/chartist-js/dist/chartist.min.css]
[eliteadmin.themedesigner.in/demos/bt4/assets/node_modules/bootstrap-table/dist/bootstrap-table.min.js]
[eliteadmin.themedesigner.in/demos/bt4/assets/node_modules/chartist-js/dist/chartist-init.css]
[eliteadmin.themedesigner.in/demos/bt4/assets/node_modules/chartist-plugin-tooltip-master/dist/chartist-plugin-tooltip.css]
[eliteadmin.themedesigner.in/demos/bt4/assets/node_modules/css-chart/css-chart.css]
[eliteadmin.themedesigner.in/demos/bt4/eliteadmin/dist/css/pages/widget-page.css]
[eliteadmin.themedesigner.in/demos/bt4/eliteadmin/widget-data.html]
[eliteadmin.themedesigner.in/demos/bt4/eliteadmin/dist/js/pages/widget-data.js]
[eliteadmin.themedesigner.in/demos/bt4/eliteadmin/widget-apps.html]
[eliteadmin.themedesigner.in/demos/bt4/assets/node_modules/gauge/gauge.min.js]
[eliteadmin.themedesigner.in/demos/bt4/assets/images/browser/photoshop.jpg]
[eliteadmin.themedesigner.in/demos/bt4/assets/node_modules/jquery-datatables-editable/jquery.dataTables.js]
[eliteadmin.themedesigner.in/demos/bt4/assets/images/browser/sketch.jpg]
[eliteadmin.themedesigner.in/demos/bt4/assets/node_modules/chartist-plugin-tooltip-master/dist/chartist-plugin-tooltip.min.js]
[eliteadmin.themedesigner.in/demos/bt4/assets/node_modules/chartist-js/dist/chartist.min.js]
[eliteadmin.themedesigner.in/demos/bt4/assets/node_modules/flot/jquery.flot.time.js]
[eliteadmin.themedesigner.in/demos/bt4/assets/node_modules/flot/excanvas.js]
[eliteadmin.themedesigner.in/demos/bt4/eliteadmin/widget-charts.html]
[eliteadmin.themedesigner.in/demos/bt4/eliteadmin/layout-single-column.html]
[eliteadmin.themedesigner.in/demos/bt4/eliteadmin/layout-fix-header.html]
[eliteadmin.themedesigner.in/demos/bt4/eliteadmin/dist/js/pages/widget-charts.js]
[eliteadmin.themedesigner.in/demos/bt4/eliteadmin/layout-fix-sidebar.html]
[eliteadmin.themedesigner.in/demos/bt4/eliteadmin/layout-fix-header-sidebar.html]
[eliteadmin.themedesigner.in/demos/bt4/eliteadmin/layout-boxed.html]
[eliteadmin.themedesigner.in/demos/bt4/eliteadmin/layout-logo-center.html]
[eliteadmin.themedesigner.in/demos/bt4/eliteadmin/starter-kit.html]
[eliteadmin.themedesigner.in/demos/bt4/eliteadmin/pages-blank.html]
[eliteadmin.themedesigner.in/demos/bt4/eliteadmin/dist/css/pages/login-register-lock.css]
[eliteadmin.themedesigner.in/demos/bt4/assets/images/background/login-register.jpg]
[eliteadmin.themedesigner.in/demos/bt4/eliteadmin/pages-login.html]
[eliteadmin.themedesigner.in/demos/bt4/eliteadmin/pages-login-2.html]
[eliteadmin.themedesigner.in/demos/bt4/eliteadmin/pages-register.html]
[eliteadmin.themedesigner.in/demos/bt4/eliteadmin/pages-register2.html]
[eliteadmin.themedesigner.in/demos/bt4/assets/node_modules/register-steps/steps.css]
[eliteadmin.themedesigner.in/demos/bt4/eliteadmin/dist/css/pages/register3.css]
[eliteadmin.themedesigner.in/demos/bt4/assets/node_modules/tinymce/tinymce.min.js]
[eliteadmin.themedesigner.in/demos/bt4/assets/node_modules/register-steps/jquery.easing.min.js]
[eliteadmin.themedesigner.in/demos/bt4/assets/node_modules/register-steps/register-init.js]
[eliteadmin.themedesigner.in/demos/bt4/eliteadmin/pages-register3.html]
[eliteadmin.themedesigner.in/demos/bt4/eliteadmin/pages-lockscreen.html]
[eliteadmin.themedesigner.in/demos/bt4/eliteadmin/pages-recover-password.html]
[eliteadmin.themedesigner.in/demos/bt4/eliteadmin/pages-profile.html]
[eliteadmin.themedesigner.in/demos/bt4/eliteadmin/pages-animation.html]
[eliteadmin.themedesigner.in/demos/bt4/eliteadmin/pages-fix-innersidebar.html]
[eliteadmin.themedesigner.in/demos/bt4/eliteadmin/pages-fix-inner-right-sidebar.html]
[eliteadmin.themedesigner.in/demos/bt4/eliteadmin/pages-invoice.html]
[eliteadmin.themedesigner.in/demos/bt4/eliteadmin/dist/js/pages/jquery.PrintArea.js]
[eliteadmin.themedesigner.in/demos/bt4/assets/node_modules/bootstrap-treeview-master/dist/bootstrap-treeview-init.js]
[eliteadmin.themedesigner.in/demos/bt4/assets/node_modules/bootstrap-treeview-master/dist/bootstrap-treeview.min.js]
[eliteadmin.themedesigner.in/demos/bt4/eliteadmin/pages-treeview.html]
[eliteadmin.themedesigner.in/demos/bt4/eliteadmin/pages-utility-classes.html]
[eliteadmin.themedesigner.in/demos/bt4/eliteadmin/pages-search-result.html]
[eliteadmin.themedesigner.in/demos/bt4/eliteadmin/pages-scroll.html]
[eliteadmin.themedesigner.in/demos/bt4/eliteadmin/dist/css/pages/pricing-page.css]
[eliteadmin.themedesigner.in/demos/bt4/eliteadmin/pages-pricing.html]
[eliteadmin.themedesigner.in/demos/bt4/eliteadmin/pages-lightbox-popup.html]
[eliteadmin.themedesigner.in/demos/bt4/eliteadmin/pages-gallery.html]
[eliteadmin.themedesigner.in/demos/bt4/eliteadmin/pages-faq.html]
[eliteadmin.themedesigner.in/demos/bt4/eliteadmin/dist/css/pages/error-pages.css]
[eliteadmin.themedesigner.in/demos/bt4/eliteadmin/pages-error-400.html]
[eliteadmin.themedesigner.in/demos/bt4/eliteadmin/pages-error-403.html]
[eliteadmin.themedesigner.in/demos/bt4/eliteadmin/pages-error-404.html]
[eliteadmin.themedesigner.in/demos/bt4/eliteadmin/pages-error-500.html]
[eliteadmin.themedesigner.in/demos/bt4/eliteadmin/pages-error-503.html]
[eliteadmin.themedesigner.in/demos/bt4/eliteadmin/dist/js/pages/morris-data.js]
[eliteadmin.themedesigner.in/demos/bt4/eliteadmin/chart-morris.html]
[eliteadmin.themedesigner.in/demos/bt4/eliteadmin/chart-chartist.html]
[eliteadmin.themedesigner.in/demos/bt4/assets/node_modules/chartist-js/dist/chartist-init.js]
[eliteadmin.themedesigner.in/demos/bt4/eliteadmin/chart-echart.html]
[eliteadmin.themedesigner.in/demos/bt4/eliteadmin/dist/css/pages/float-chart.css]
[eliteadmin.themedesigner.in/demos/bt4/assets/node_modules/echarts/echarts-init.js]
[eliteadmin.themedesigner.in/demos/bt4/assets/node_modules/flot/jquery.flot.stack.js]
[eliteadmin.themedesigner.in/demos/bt4/assets/node_modules/flot/jquery.flot.crosshair.js]
[eliteadmin.themedesigner.in/demos/bt4/assets/node_modules/flot/jquery.flot.pie.js]
[eliteadmin.themedesigner.in/demos/bt4/eliteadmin/chart-flot.html]
[eliteadmin.themedesigner.in/demos/bt4/eliteadmin/dist/js/pages/flot-data.js]
[eliteadmin.themedesigner.in/demos/bt4/eliteadmin/chart-knob.html]
[eliteadmin.themedesigner.in/demos/bt4/assets/node_modules/Chart.js/chartjs.init.js]
[eliteadmin.themedesigner.in/demos/bt4/assets/node_modules/knob/jquery.knob.js]
[eliteadmin.themedesigner.in/demos/bt4/eliteadmin/chart-chart-js.html]
[eliteadmin.themedesigner.in/demos/bt4/assets/node_modules/sparkline/jquery.charts-sparkline.js]
[eliteadmin.themedesigner.in/demos/bt4/eliteadmin/chart-sparkline.html]
[eliteadmin.themedesigner.in/demos/bt4/eliteadmin/chart-extra-chart.html]
[eliteadmin.themedesigner.in/demos/bt4/eliteadmin/chart-peity.html]
[eliteadmin.themedesigner.in/demos/bt4/eliteadmin/dist/css/pages/icon-page.css]
[eliteadmin.themedesigner.in/demos/bt4/eliteadmin/icon-material.html]
[eliteadmin.themedesigner.in/demos/bt4/eliteadmin/icon-fontawesome.html]
[eliteadmin.themedesigner.in/demos/bt4/eliteadmin/icon-themify.html]
[eliteadmin.themedesigner.in/demos/bt4/eliteadmin/icon-weather.html]
[eliteadmin.themedesigner.in/demos/bt4/eliteadmin/icon-simple-lineicon.html]
[eliteadmin.themedesigner.in/demos/bt4/eliteadmin/icon-flag.html]
[eliteadmin.themedesigner.in/demos/bt4/eliteadmin/dist/css/pages/google-vector-map.css]
[eliteadmin.themedesigner.in/demos/bt4/eliteadmin/map-google.html]
[eliteadmin.themedesigner.in/demos/bt4/assets/node_modules/gmaps/jquery.gmaps.js]
[eliteadmin.themedesigner.in/demos/bt4/assets/node_modules/gmaps/gmaps.min.js]
[eliteadmin.themedesigner.in/demos/bt4/assets/node_modules/Chart.js/Chart.min.js]
[eliteadmin.themedesigner.in/demos/bt4/assets/node_modules/vectormap/jquery-jvectormap-in-mill.js]
[eliteadmin.themedesigner.in/demos/bt4/assets/node_modules/vectormap/jquery-jvectormap-us-aea-en.js]
[eliteadmin.themedesigner.in/demos/bt4/eliteadmin/map-vector.html]
[eliteadmin.themedesigner.in/demos/bt4/assets/node_modules/vectormap/jvectormap.custom.js]
[eliteadmin.themedesigner.in/demos/bt4/assets/node_modules/vectormap/jquery-jvectormap-uk-mill-en.js]
[eliteadmin.themedesigner.in/demos/bt4/eliteadmin/dist/css/fonts/icomoonca27.ttf]
[eliteadmin.themedesigner.in/demos/bt4/eliteadmin/dist/css/fonts/fontawesome-webfont3e6e.ttf]
[eliteadmin.themedesigner.in/demos/bt4/assets/node_modules/vectormap/jquery-jvectormap-au-mill.js]
[eliteadmin.themedesigner.in/demos/bt4/assets/node_modules/vectormap/jquery-jvectormap-2.0.2.css]
[eliteadmin.themedesigner.in/demos/bt4/eliteadmin/dist/css/pages/easy-pie-chart.css]
[eliteadmin.themedesigner.in/demos/bt4/eliteadmin/dist/css/pages/dashboard2.css]
[eliteadmin.themedesigner.in/demos/bt4/assets/images/browser/opera-logo.png]
[eliteadmin.themedesigner.in/demos/bt4/eliteadmin/dist/css/pages/dashboard3.css]
[eliteadmin.themedesigner.in/demos/bt4/eliteadmin/dist/css/pages/dashboard4.css]
[eliteadmin.themedesigner.in/demos/bt4/assets/node_modules/calendar/dist/fullcalendar.css]
[eliteadmin.themedesigner.in/demos/bt4/eliteadmin/dist/css/pages/chat-app-page.css]
[eliteadmin.themedesigner.in/demos/bt4/eliteadmin/app-ticket.html]
[eliteadmin.themedesigner.in/demos/bt4/assets/node_modules/footable/css/footable.bootstrap.min.css]
[eliteadmin.themedesigner.in/demos/bt4/eliteadmin/dist/css/pages/contact-app-page.css]
[eliteadmin.themedesigner.in/demos/bt4/eliteadmin/dist/css/pages/footable-page.css]
[eliteadmin.themedesigner.in/demos/bt4/eliteadmin/dist/css/pages/inbox.css]
[eliteadmin.themedesigner.in/demos/bt4/assets/node_modules/html5-editor/bootstrap-wysihtml5.css]
[eliteadmin.themedesigner.in/demos/bt4/assets/node_modules/dropzone-master/dist/dropzone.css]
[eliteadmin.themedesigner.in/demos/bt4/assets/node_modules/Magnific-Popup-master/dist/magnific-popup.css]
[eliteadmin.themedesigner.in/demos/bt4/eliteadmin/dist/css/pages/user-card.css]
[eliteadmin.themedesigner.in/demos/bt4/eliteadmin/dist/css/pages/tab-page.css]
[eliteadmin.themedesigner.in/demos/bt4/eliteadmin/dist/css/pages/stylish-tooltip.css]
[eliteadmin.themedesigner.in/demos/bt4/assets/node_modules/sweetalert/sweetalert.css]
[eliteadmin.themedesigner.in/demos/bt4/eliteadmin/dist/css/pages/other-pages.css]
[eliteadmin.themedesigner.in/demos/bt4/eliteadmin/dist/css/pages/progressbar-page.css]
[eliteadmin.themedesigner.in/demos/bt4/eliteadmin/ui-progressbar.html]
[eliteadmin.themedesigner.in/demos/bt4/assets/node_modules/nestable/nestable.css]
[eliteadmin.themedesigner.in/demos/bt4/assets/node_modules/nestable/jquery.nestable.js]
[eliteadmin.themedesigner.in/demos/bt4/assets/node_modules/ion-rangeslider/css/ion.rangeSlider.css]
[eliteadmin.themedesigner.in/demos/bt4/assets/node_modules/ion-rangeslider/img/sprite-skin-modern.png]
[eliteadmin.themedesigner.in/demos/bt4/assets/node_modules/ion-rangeslider/css/ion.rangeSlider.skinModern.css]
[eliteadmin.themedesigner.in/demos/bt4/assets/node_modules/ion-rangeslider/js/ion-rangeSlider/ion.rangeSlider.min.js]
[eliteadmin.themedesigner.in/demos/bt4/eliteadmin/dist/css/pages/timeline-vertical-horizontal.css]
[eliteadmin.themedesigner.in/demos/bt4/eliteadmin/dist/css/pages/ui-bootstrap-page.css]
[eliteadmin.themedesigner.in/demos/bt4/assets/node_modules/horizontal-timeline/css/horizontal-timeline.css]
[eliteadmin.themedesigner.in/demos/bt4/assets/node_modules/session-timeout/idle/session-timeout-idle-init.js]
[eliteadmin.themedesigner.in/demos/bt4/eliteadmin/dist/css/pages/breadcrumb-page.css]
[eliteadmin.themedesigner.in/demos/bt4/assets/node_modules/bootstrap-switch/bootstrap-switch.min.css]
[eliteadmin.themedesigner.in/demos/bt4/eliteadmin/dist/css/pages/bootstrap-switch.css]
[eliteadmin.themedesigner.in/demos/bt4/eliteadmin/ui-bootstrap-switch.html]
[eliteadmin.themedesigner.in/demos/bt4/assets/node_modules/bootstrap-switch/bootstrap-switch.min.js]
[eliteadmin.themedesigner.in/demos/assets/images/users/1.html]
[eliteadmin.themedesigner.in/demos/assets/images/users/2.html]
[eliteadmin.themedesigner.in/demos/assets/images/users/3.html]
[eliteadmin.themedesigner.in/demos/assets/images/users/4.html]
[eliteadmin.themedesigner.in/demos/assets/images/big/img1.html]
[eliteadmin.themedesigner.in/demos/bt4/eliteadmin/dist/css/pages/ribbon-page.css]
[eliteadmin.themedesigner.in/demos/bt4/assets/node_modules/prism/prism.css]
[eliteadmin.themedesigner.in/demos/bt4/assets/node_modules/bootstrap-datepicker/bootstrap-datepicker.min.css]
[eliteadmin.themedesigner.in/demos/bt4/assets/node_modules/gridstack/gridstack.css]
[eliteadmin.themedesigner.in/demos/bt4/eliteadmin/dist/css/pages/file-upload.css]
[eliteadmin.themedesigner.in/demos/bt4/assets/node_modules/select2/dist/css/select2.min.css]
[eliteadmin.themedesigner.in/demos/bt4/assets/node_modules/switchery/dist/switchery.min.css]
[eliteadmin.themedesigner.in/demos/bt4/assets/node_modules/bootstrap-select/bootstrap-select.min.css]
[eliteadmin.themedesigner.in/demos/bt4/assets/node_modules/bootstrap-tagsinput/dist/bootstrap-tagsinput.css]
[eliteadmin.themedesigner.in/demos/bt4/assets/node_modules/bootstrap-touchspin/dist/jquery.bootstrap-touchspin.min.css]
[eliteadmin.themedesigner.in/demos/bt4/assets/node_modules/multiselect/img/switch.png]
[eliteadmin.themedesigner.in/demos/bt4/assets/node_modules/multiselect/css/multi-select.css]
[eliteadmin.themedesigner.in/demos/bt4/eliteadmin/dist/css/pages/floating-label.css]
[eliteadmin.themedesigner.in/demos/bt4/assets/node_modules/bootstrap-material-datetimepicker/css/bootstrap-material-datetimepicker.css]
[eliteadmin.themedesigner.in/demos/bt4/assets/node_modules/clockpicker/dist/jquery-clockpicker.min.css]
[eliteadmin.themedesigner.in/demos/bt4/assets/node_modules/jquery-asColorPicker-master/dist/images/transparent.png]
[eliteadmin.themedesigner.in/demos/bt4/assets/node_modules/jquery-asColorPicker-master/dist/images/saturation.png]
[eliteadmin.themedesigner.in/demos/bt4/assets/node_modules/jquery-asColorPicker-master/dist/images/hue.png]
[eliteadmin.themedesigner.in/demos/bt4/assets/node_modules/jquery-asColorPicker-master/dist/images/alpha.png]
[eliteadmin.themedesigner.in/demos/bt4/assets/node_modules/jquery-asColorPicker-master/dist/css/asColorPicker.css]
[eliteadmin.themedesigner.in/demos/bt4/assets/node_modules/timepicker/bootstrap-timepicker.min.css]
[eliteadmin.themedesigner.in/demos/bt4/assets/node_modules/bootstrap-daterangepicker/daterangepicker.css]
[eliteadmin.themedesigner.in/demos/bt4/assets/node_modules/dropify/dist/css/dropify.min.css]
[eliteadmin.themedesigner.in/demos/bt4/assets/node_modules/icheck/skins/minimal/_all.css]
[eliteadmin.themedesigner.in/demos/bt4/assets/node_modules/icheck/skins/square/_all.css]
[eliteadmin.themedesigner.in/demos/bt4/assets/node_modules/icheck/skins/flat/_all.css]
[eliteadmin.themedesigner.in/demos/bt4/assets/node_modules/icheck/skins/line/_all.css]
[eliteadmin.themedesigner.in/demos/bt4/assets/node_modules/icheck/skins/polaris/polaris.css]
[eliteadmin.themedesigner.in/demos/bt4/assets/node_modules/icheck/skins/all.css]
[eliteadmin.themedesigner.in/demos/bt4/assets/node_modules/icheck/skins/futurico/futurico.css]
[eliteadmin.themedesigner.in/demos/bt4/eliteadmin/dist/css/pages/form-icheck.css]
[eliteadmin.themedesigner.in/demos/bt4/assets/node_modules/cropper/cropper.min.css]
[eliteadmin.themedesigner.in/demos/bt4/assets/node_modules/cropper/cropper-init.html]
[eliteadmin.themedesigner.in/demos/bt4/assets/node_modules/typeahead.js-master/dist/typehead-min.css]
[eliteadmin.themedesigner.in/demos/bt4/assets/node_modules/wizard/steps.css]
[eliteadmin.themedesigner.in/demos/bt4/assets/node_modules/x-editable/dist/bootstrap3-editable/img/loading.gif]
[eliteadmin.themedesigner.in/demos/bt4/assets/node_modules/x-editable/dist/bootstrap3-editable/img/clear.png]
[eliteadmin.themedesigner.in/demos/bt4/assets/node_modules/x-editable/dist/bootstrap3-editable/css/bootstrap-editable.css]
[eliteadmin.themedesigner.in/demos/bt4/assets/node_modules/summernote/dist/font/summernote9d3d.eot]
[eliteadmin.themedesigner.in/demos/bt4/assets/node_modules/summernote/dist/font/summernote9d3d.woff]
[eliteadmin.themedesigner.in/demos/bt4/assets/node_modules/summernote/dist/font/summernoted41d.eot]
[eliteadmin.themedesigner.in/demos/bt4/assets/node_modules/summernote/dist/font/summernote9d3d.ttf]
[eliteadmin.themedesigner.in/demos/bt4/assets/node_modules/summernote/dist/summernote-bs4.css]
[eliteadmin.themedesigner.in/demos/bt4/assets/node_modules/datatables.net-bs4/css/dataTables.bootstrap4.css]
[cdn.datatables.net/buttons/1.5.1/js/dataTables.buttons.min.js]
[cdn.datatables.net/buttons/1.5.1/js/buttons.flash.min.js]
[eliteadmin.themedesigner.in/demos/bt4/assets/node_modules/datatables.net/js/jquery.dataTables.min.js]
[cdnjs.cloudflare.com/ajax/libs/jszip/3.1.3/jszip.min.js]
[eliteadmin.themedesigner.in/demos/bt4/assets/node_modules/echarts/echarts-all.js]
[cdnjs.cloudflare.com/ajax/libs/pdfmake/0.1.32/vfs_fonts.js]
[cdnjs.cloudflare.com/ajax/libs/pdfmake/0.1.32/pdfmake.min.js]
[cdn.datatables.net/buttons/1.5.1/js/buttons.html5.min.js]
[eliteadmin.themedesigner.in/demos/bt4/eliteadmin/table-data-table.html]
[cdn.datatables.net/buttons/1.5.1/js/buttons.print.min.js]
[eliteadmin.themedesigner.in/demos/bt4/assets/node_modules/jsgrid/jsgrid.min.css]
[eliteadmin.themedesigner.in/demos/bt4/assets/node_modules/jsgrid/jsgrid-theme.min.css]
[eliteadmin.themedesigner.in/demos/bt4/assets/node_modules/tablesaw-master/dist/tablesaw.css]
[eliteadmin.themedesigner.in/demos/bt4/assets/node_modules/bootstrap-table/dist/bootstrap-table.min.css]
[eliteadmin.themedesigner.in/demos/bt4/assets/node_modules/datatables/media/js/dataTables.bootstrap.html]
[eliteadmin.themedesigner.in/demos/bt4/assets/node_modules/chartist-js/dist/chartist.min.css]
[eliteadmin.themedesigner.in/demos/bt4/assets/node_modules/chartist-js/dist/chartist-init.css]
[eliteadmin.themedesigner.in/demos/bt4/assets/node_modules/chartist-plugin-tooltip-master/dist/chartist-plugin-tooltip.css]
[eliteadmin.themedesigner.in/demos/bt4/assets/node_modules/css-chart/css-chart.css]
[eliteadmin.themedesigner.in/demos/bt4/eliteadmin/dist/css/pages/widget-page.css]
[eliteadmin.themedesigner.in/demos/bt4/eliteadmin/dist/css/pages/login-register-lock.css]
[eliteadmin.themedesigner.in/demos/bt4/assets/node_modules/register-steps/steps.css]
[eliteadmin.themedesigner.in/demos/bt4/eliteadmin/dist/css/pages/register3.css]
[eliteadmin.themedesigner.in/demos/bt4/eliteadmin/dist/css/pages/pricing-page.css]
[eliteadmin.themedesigner.in/demos/bt4/eliteadmin/www.youtube.com/watch7d1c.html]
[eliteadmin.themedesigner.in/demos/bt4/assets/images/background/error-bg.jpg]
[eliteadmin.themedesigner.in/demos/bt4/eliteadmin/dist/css/pages/error-pages.css]
[eliteadmin.themedesigner.in/demos/bt4/eliteadmin/dist/css/pages/float-chart.css]
[eliteadmin.themedesigner.in/demos/bt4/eliteadmin/dist/css/pages/icon-page.css]
[eliteadmin.themedesigner.in/demos/bt4/eliteadmin/dist/css/pages/google-vector-map.css]
[eliteadmin.themedesigner.in/demos/bt4/assets/node_modules/vectormap/jquery-jvectormap-2.0.2.css]
[eliteadmin.themedesigner.in/demos/bt4/eliteadmin/dist/css/pages/contact-app-page.css]
[eliteadmin.themedesigner.in/demos/bt4/eliteadmin/dist/css/pages/footable-page.css]
[eliteadmin.themedesigner.in/demos/bt4/eliteadmin/dist/css/pages/progressbar-page.css]
[eliteadmin.themedesigner.in/demos/bt4/assets/node_modules/bootstrap-switch/bootstrap-switch.min.css]
[eliteadmin.themedesigner.in/demos/bt4/eliteadmin/dist/css/pages/bootstrap-switch.css]
[eliteadmin.themedesigner.in/demos/bt4/assets/node_modules/icheck/skins/minimal/minimal.png]
[eliteadmin.themedesigner.in/demos/bt4/assets/node_modules/icheck/skins/minimal/minimal@2x.png]
[eliteadmin.themedesigner.in/demos/bt4/assets/node_modules/icheck/skins/minimal/red.png]
[eliteadmin.themedesigner.in/demos/bt4/assets/node_modules/icheck/skins/minimal/red@2x.png]
[eliteadmin.themedesigner.in/demos/bt4/assets/node_modules/icheck/skins/minimal/green.png]
[eliteadmin.themedesigner.in/demos/bt4/assets/node_modules/icheck/skins/minimal/green@2x.png]
[eliteadmin.themedesigner.in/demos/bt4/assets/node_modules/icheck/skins/minimal/blue.png]
[eliteadmin.themedesigner.in/demos/bt4/assets/node_modules/icheck/skins/minimal/blue@2x.png]
[eliteadmin.themedesigner.in/demos/bt4/assets/node_modules/icheck/skins/minimal/aero.png]
[eliteadmin.themedesigner.in/demos/bt4/assets/node_modules/icheck/skins/minimal/aero@2x.png]
[eliteadmin.themedesigner.in/demos/bt4/assets/node_modules/icheck/skins/minimal/grey.png]
[eliteadmin.themedesigner.in/demos/bt4/assets/node_modules/icheck/skins/minimal/grey@2x.png]
[eliteadmin.themedesigner.in/demos/bt4/assets/node_modules/icheck/skins/minimal/orange.png]
[eliteadmin.themedesigner.in/demos/bt4/assets/node_modules/icheck/skins/minimal/orange@2x.png]
[eliteadmin.themedesigner.in/demos/bt4/assets/node_modules/icheck/skins/minimal/yellow.png]
[eliteadmin.themedesigner.in/demos/bt4/assets/node_modules/icheck/skins/minimal/yellow@2x.png]
[eliteadmin.themedesigner.in/demos/bt4/assets/node_modules/icheck/skins/minimal/pink.png]
[eliteadmin.themedesigner.in/demos/bt4/assets/node_modules/icheck/skins/minimal/pink@2x.png]
[eliteadmin.themedesigner.in/demos/bt4/assets/node_modules/icheck/skins/minimal/purple.png]
[eliteadmin.themedesigner.in/demos/bt4/assets/node_modules/icheck/skins/minimal/purple@2x.png]
[eliteadmin.themedesigner.in/demos/bt4/assets/node_modules/icheck/skins/minimal/_all.css]
[eliteadmin.themedesigner.in/demos/bt4/assets/node_modules/icheck/skins/square/square.png]
[eliteadmin.themedesigner.in/demos/bt4/assets/node_modules/icheck/skins/square/square@2x.png]
[eliteadmin.themedesigner.in/demos/bt4/assets/node_modules/icheck/skins/square/red.png]
[eliteadmin.themedesigner.in/demos/bt4/assets/node_modules/icheck/skins/square/red@2x.png]
[eliteadmin.themedesigner.in/demos/bt4/assets/node_modules/icheck/skins/square/green.png]
[eliteadmin.themedesigner.in/demos/bt4/assets/node_modules/icheck/skins/square/green@2x.png]
[eliteadmin.themedesigner.in/demos/bt4/assets/node_modules/icheck/skins/square/blue.png]
[eliteadmin.themedesigner.in/demos/bt4/assets/node_modules/icheck/skins/square/blue@2x.png]
[eliteadmin.themedesigner.in/demos/bt4/assets/node_modules/icheck/skins/square/aero.png]
[eliteadmin.themedesigner.in/demos/bt4/assets/node_modules/icheck/skins/square/aero@2x.png]
[eliteadmin.themedesigner.in/demos/bt4/assets/node_modules/icheck/skins/square/grey.png]
[eliteadmin.themedesigner.in/demos/bt4/assets/node_modules/icheck/skins/square/grey@2x.png]
[eliteadmin.themedesigner.in/demos/bt4/assets/node_modules/icheck/skins/square/orange.png]
[eliteadmin.themedesigner.in/demos/bt4/assets/node_modules/icheck/skins/square/orange@2x.png]
[eliteadmin.themedesigner.in/demos/bt4/assets/node_modules/icheck/skins/square/yellow.png]
[eliteadmin.themedesigner.in/demos/bt4/assets/node_modules/icheck/skins/square/yellow@2x.png]
[eliteadmin.themedesigner.in/demos/bt4/assets/node_modules/icheck/skins/square/pink.png]
[eliteadmin.themedesigner.in/demos/bt4/assets/node_modules/icheck/skins/square/pink@2x.png]
[eliteadmin.themedesigner.in/demos/bt4/assets/node_modules/icheck/skins/square/purple.png]
[eliteadmin.themedesigner.in/demos/bt4/assets/node_modules/icheck/skins/square/purple@2x.png]
[eliteadmin.themedesigner.in/demos/bt4/assets/node_modules/icheck/skins/square/_all.css]
[eliteadmin.themedesigner.in/demos/bt4/assets/node_modules/icheck/skins/flat/flat.png]
[eliteadmin.themedesigner.in/demos/bt4/assets/node_modules/icheck/skins/flat/flat@2x.png]
[eliteadmin.themedesigner.in/demos/bt4/assets/node_modules/icheck/skins/flat/red.png]
[eliteadmin.themedesigner.in/demos/bt4/assets/node_modules/icheck/skins/flat/red@2x.png]
[eliteadmin.themedesigner.in/demos/bt4/assets/node_modules/icheck/skins/flat/green.png]
[eliteadmin.themedesigner.in/demos/bt4/assets/node_modules/icheck/skins/flat/green@2x.png]
[eliteadmin.themedesigner.in/demos/bt4/assets/node_modules/icheck/skins/flat/blue.png]
[eliteadmin.themedesigner.in/demos/bt4/assets/node_modules/icheck/skins/flat/blue@2x.png]
[eliteadmin.themedesigner.in/demos/bt4/assets/node_modules/icheck/skins/flat/aero.png]
[eliteadmin.themedesigner.in/demos/bt4/assets/node_modules/icheck/skins/flat/aero@2x.png]
[eliteadmin.themedesigner.in/demos/bt4/assets/node_modules/icheck/skins/flat/grey.png]
[eliteadmin.themedesigner.in/demos/bt4/assets/node_modules/icheck/skins/flat/grey@2x.png]
[eliteadmin.themedesigner.in/demos/bt4/assets/node_modules/icheck/skins/flat/orange.png]
[eliteadmin.themedesigner.in/demos/bt4/assets/node_modules/icheck/skins/flat/orange@2x.png]
[eliteadmin.themedesigner.in/demos/bt4/assets/node_modules/icheck/skins/flat/yellow.png]
[eliteadmin.themedesigner.in/demos/bt4/assets/node_modules/icheck/skins/flat/yellow@2x.png]
[eliteadmin.themedesigner.in/demos/bt4/assets/node_modules/icheck/skins/flat/pink.png]
[eliteadmin.themedesigner.in/demos/bt4/assets/node_modules/icheck/skins/flat/pink@2x.png]
[eliteadmin.themedesigner.in/demos/bt4/assets/node_modules/icheck/skins/flat/purple.png]
[eliteadmin.themedesigner.in/demos/bt4/assets/node_modules/icheck/skins/flat/purple@2x.png]
[eliteadmin.themedesigner.in/demos/bt4/assets/node_modules/icheck/skins/flat/_all.css]
[eliteadmin.themedesigner.in/demos/bt4/assets/node_modules/icheck/skins/line/line.png]
[eliteadmin.themedesigner.in/demos/bt4/assets/node_modules/icheck/skins/line/line@2x.png]
[eliteadmin.themedesigner.in/demos/bt4/assets/node_modules/icheck/skins/line/_all.css]
[eliteadmin.themedesigner.in/demos/bt4/assets/node_modules/icheck/skins/polaris/polaris.png]
[eliteadmin.themedesigner.in/demos/bt4/assets/node_modules/icheck/skins/polaris/polaris@2x.png]
[eliteadmin.themedesigner.in/demos/bt4/assets/node_modules/icheck/skins/polaris/polaris.css]
[eliteadmin.themedesigner.in/demos/bt4/assets/node_modules/icheck/skins/futurico/futurico.png]
[eliteadmin.themedesigner.in/demos/bt4/assets/node_modules/icheck/skins/futurico/futurico.css]
[eliteadmin.themedesigner.in/demos/bt4/assets/node_modules/icheck/skins/futurico/futurico@2x.png]
[eliteadmin.themedesigner.in/demos/bt4/eliteadmin/cropped.jpg]
[eliteadmin.themedesigner.in/demos/bt4/assets/node_modules/datatables.net-bs4/css/dataTables.bootstrap4.css]
